Starting with 500
2025-11-28 10:40:28,983 - INFO - Creating graph from multiple DataFrames
2025-11-28 10:40:29,107 - INFO - Building graph with 500 docs and 28195 words
2025-11-28 10:40:30,757 - INFO - Saving graph to results/myself_graph.xml.gz
2025-11-28 10:40:31,515 - INFO - Fit number: 0
2025-11-28 10:44:24,111 - INFO - Saving data in results/myself
2025-11-28 10:44:24,112 - INFO - Saving self data to results/myself
2025-11-28 10:44:24,113 - INFO - Saving graph to results/myself_graph.xml.gz
2025-11-28 10:44:25,182 - INFO - Dumping self to results/myself_model.pkl
2025-11-28 10:45:14,221 - INFO - Annotate object
Original data: 8044 cells
Step 1: Subsampling to 500 cells...
After cell subsampling: 500 cells
Step 2: Feature subsampling...
  Peak: 20400 features (no specification)
  mRNA: 5553 features (no specification)
  lncRNA: 2242 features (no specification)
Step 3: Identifying valid cells...
No cells with zero counts found
[      500 cells] | time: 285.92s | RAM: 9.17GB
Saved: Tables/Time_bionSBM_cells.tsv
Starting with 1338
2025-11-28 10:45:24,022 - INFO - Creating graph from multiple DataFrames
2025-11-28 10:45:24,281 - INFO - Building graph with 1338 docs and 28195 words
2025-11-28 10:45:28,243 - INFO - Saving graph to results/myself_graph.xml.gz
2025-11-28 10:45:30,054 - INFO - Fit number: 0
2025-11-28 10:55:48,734 - INFO - Saving data in results/myself
2025-11-28 10:55:48,736 - INFO - Saving self data to results/myself
2025-11-28 10:55:48,737 - INFO - Saving graph to results/myself_graph.xml.gz
2025-11-28 10:55:50,850 - INFO - Dumping self to results/myself_model.pkl
2025-11-28 10:57:36,440 - INFO - Annotate object
Original data: 8044 cells
Step 1: Subsampling to 1338 cells...
After cell subsampling: 1338 cells
Step 2: Feature subsampling...
  Peak: 20400 features (no specification)
  mRNA: 5553 features (no specification)
  lncRNA: 2242 features (no specification)
Step 3: Identifying valid cells...
No cells with zero counts found
[     1338 cells] | time: 733.29s | RAM: 8.87GB
Saved: Tables/Time_bionSBM_cells.tsv
Starting with 2176
2025-11-28 10:57:58,484 - INFO - Creating graph from multiple DataFrames
2025-11-28 10:57:59,007 - INFO - Building graph with 2176 docs and 28195 words
2025-11-28 10:58:05,826 - INFO - Saving graph to results/myself_graph.xml.gz
2025-11-28 10:58:08,759 - INFO - Fit number: 0
2025-11-28 11:28:17,306 - INFO - Saving data in results/myself
2025-11-28 11:28:17,307 - INFO - Saving self data to results/myself
2025-11-28 11:28:17,308 - INFO - Saving graph to results/myself_graph.xml.gz
2025-11-28 11:28:20,830 - INFO - Dumping self to results/myself_model.pkl
2025-11-28 11:31:18,204 - INFO - Annotate object
Original data: 8044 cells
Step 1: Subsampling to 2176 cells...
After cell subsampling: 2176 cells
Step 2: Feature subsampling...
  Peak: 20400 features (no specification)
  mRNA: 5553 features (no specification)
  lncRNA: 2242 features (no specification)
Step 3: Identifying valid cells...
No cells with zero counts found
[     2176 cells] | time: 2001.15s | RAM: 11.80GB
Saved: Tables/Time_bionSBM_cells.tsv
Starting with 3014
2025-11-28 11:31:58,414 - INFO - Creating graph from multiple DataFrames
2025-11-28 11:31:59,142 - INFO - Building graph with 3014 docs and 28195 words
2025-11-28 11:32:09,030 - INFO - Saving graph to results/myself_graph.xml.gz
2025-11-28 11:32:13,102 - INFO - Fit number: 0
2025-11-28 12:16:55,963 - INFO - Saving data in results/myself
2025-11-28 12:16:55,964 - INFO - Saving self data to results/myself
2025-11-28 12:16:55,964 - INFO - Saving graph to results/myself_graph.xml.gz
2025-11-28 12:17:00,091 - INFO - Dumping self to results/myself_model.pkl
2025-11-28 12:21:15,363 - INFO - Annotate object
Original data: 8044 cells
Step 1: Subsampling to 3014 cells...
After cell subsampling: 3014 cells
Step 2: Feature subsampling...
  Peak: 20400 features (no specification)
  mRNA: 5553 features (no specification)
  lncRNA: 2242 features (no specification)
Step 3: Identifying valid cells...
No cells with zero counts found
[     3014 cells] | time: 2958.83s | RAM: 15.01GB
Saved: Tables/Time_bionSBM_cells.tsv
Starting with 3852
2025-11-28 12:22:19,205 - INFO - Creating graph from multiple DataFrames
2025-11-28 12:22:20,008 - INFO - Building graph with 3852 docs and 28195 words
2025-11-28 12:22:32,787 - INFO - Saving graph to results/myself_graph.xml.gz
2025-11-28 12:22:38,265 - INFO - Fit number: 0
2025-11-28 13:10:52,532 - INFO - Saving data in results/myself
2025-11-28 13:10:52,534 - INFO - Saving self data to results/myself
2025-11-28 13:10:52,534 - INFO - Saving graph to results/myself_graph.xml.gz
2025-11-28 13:10:58,173 - INFO - Dumping self to results/myself_model.pkl
2025-11-28 13:15:52,509 - INFO - Annotate object
Original data: 8044 cells
Step 1: Subsampling to 3852 cells...
After cell subsampling: 3852 cells
Step 2: Feature subsampling...
  Peak: 20400 features (no specification)
  mRNA: 5553 features (no specification)
  lncRNA: 2242 features (no specification)
Step 3: Identifying valid cells...
No cells with zero counts found
[     3852 cells] | time: 3215.16s | RAM: 13.33GB
Saved: Tables/Time_bionSBM_cells.tsv
Starting with 4691
2025-11-28 13:17:24,848 - INFO - Creating graph from multiple DataFrames
2025-11-28 13:17:25,844 - INFO - Building graph with 4691 docs and 28195 words
2025-11-28 13:17:42,227 - INFO - Saving graph to results/myself_graph.xml.gz
2025-11-28 13:17:48,639 - INFO - Fit number: 0
2025-11-28 14:33:32,366 - INFO - Saving data in results/myself
2025-11-28 14:33:32,367 - INFO - Saving self data to results/myself
2025-11-28 14:33:32,368 - INFO - Saving graph to results/myself_graph.xml.gz
2025-11-28 14:33:40,169 - INFO - Dumping self to results/myself_model.pkl
2025-11-28 14:39:58,253 - INFO - Annotate object
Original data: 8044 cells
Step 1: Subsampling to 4691 cells...
After cell subsampling: 4691 cells
Step 2: Feature subsampling...
  Peak: 20400 features (no specification)
  mRNA: 5553 features (no specification)
  lncRNA: 2242 features (no specification)
Step 3: Identifying valid cells...
No cells with zero counts found
[     4691 cells] | time: 4955.69s | RAM: 14.73GB
Saved: Tables/Time_bionSBM_cells.tsv
Starting with 5529
2025-11-28 14:42:05,775 - INFO - Creating graph from multiple DataFrames
2025-11-28 14:42:06,942 - INFO - Building graph with 5529 docs and 28195 words
2025-11-28 14:42:26,977 - INFO - Saving graph to results/myself_graph.xml.gz
2025-11-28 14:42:34,663 - INFO - Fit number: 0
2025-11-28 16:15:13,243 - INFO - Saving data in results/myself
2025-11-28 16:15:13,243 - INFO - Saving self data to results/myself
2025-11-28 16:15:13,244 - INFO - Saving graph to results/myself_graph.xml.gz
2025-11-28 16:15:22,075 - INFO - Dumping self to results/myself_model.pkl
2025-11-28 16:22:38,592 - INFO - Annotate object
Original data: 8044 cells
Step 1: Subsampling to 5529 cells...
After cell subsampling: 5529 cells
Step 2: Feature subsampling...
  Peak: 20400 features (no specification)
  mRNA: 5553 features (no specification)
  lncRNA: 2242 features (no specification)
Step 3: Identifying valid cells...
No cells with zero counts found
[     5529 cells] | time: 6035.20s | RAM: 15.93GB
Saved: Tables/Time_bionSBM_cells.tsv
Starting with 6367
2025-11-28 16:25:25,652 - INFO - Creating graph from multiple DataFrames
2025-11-28 16:25:26,965 - INFO - Building graph with 6367 docs and 28195 words
2025-11-28 16:25:50,851 - INFO - Saving graph to results/myself_graph.xml.gz
2025-11-28 16:25:59,424 - INFO - Fit number: 0
2025-11-28 18:11:16,353 - INFO - Saving data in results/myself
2025-11-28 18:11:16,354 - INFO - Saving self data to results/myself
2025-11-28 18:11:16,355 - INFO - Saving graph to results/myself_graph.xml.gz
2025-11-28 18:11:25,098 - INFO - Dumping self to results/myself_model.pkl
2025-11-28 18:19:56,510 - INFO - Annotate object
Original data: 8044 cells
Step 1: Subsampling to 6367 cells...
After cell subsampling: 6367 cells
Step 2: Feature subsampling...
  Peak: 20400 features (no specification)
  mRNA: 5553 features (no specification)
  lncRNA: 2242 features (no specification)
Step 3: Identifying valid cells...
No cells with zero counts found
[     6367 cells] | time: 6873.65s | RAM: 17.78GB
Saved: Tables/Time_bionSBM_cells.tsv
Starting with 7205
2025-11-28 18:23:29,019 - INFO - Creating graph from multiple DataFrames
2025-11-28 18:23:30,506 - INFO - Building graph with 7205 docs and 28195 words
2025-11-28 18:23:58,823 - INFO - Saving graph to results/myself_graph.xml.gz
2025-11-28 18:24:08,708 - INFO - Fit number: 0
2025-11-28 20:13:36,395 - INFO - Saving data in results/myself
2025-11-28 20:13:36,396 - INFO - Saving self data to results/myself
2025-11-28 20:13:36,397 - INFO - Saving graph to results/myself_graph.xml.gz
2025-11-28 20:13:46,694 - INFO - Dumping self to results/myself_model.pkl
2025-11-28 20:23:28,239 - INFO - Annotate object
Original data: 8044 cells
Step 1: Subsampling to 7205 cells...
After cell subsampling: 7205 cells
Step 2: Feature subsampling...
  Peak: 20400 features (no specification)
  mRNA: 5553 features (no specification)
  lncRNA: 2242 features (no specification)
Step 3: Identifying valid cells...
No cells with zero counts found
[     7205 cells] | time: 7202.18s | RAM: 20.18GB
Saved: Tables/Time_bionSBM_cells.tsv
Starting with 8044
2025-11-28 20:27:51,765 - INFO - Creating graph from multiple DataFrames
2025-11-28 20:27:53,354 - INFO - Building graph with 8044 docs and 28195 words
2025-11-28 20:28:25,896 - INFO - Saving graph to results/myself_graph.xml.gz
2025-11-28 20:28:36,684 - INFO - Fit number: 0
2025-11-28 23:11:23,061 - INFO - Saving data in results/myself
2025-11-28 23:11:23,062 - INFO - Saving self data to results/myself
2025-11-28 23:11:23,063 - INFO - Saving graph to results/myself_graph.xml.gz
2025-11-28 23:11:33,776 - INFO - Dumping self to results/myself_model.pkl
2025-11-28 23:21:49,060 - INFO - Annotate object
Original data: 8044 cells
Step 1: Subsampling to 8044 cells...
Stratified sampling failed: test_size=8044 should be either positive and smaller than the number of samples 8044 or a float in the (0, 1) range
Falling back to random sampling...
After cell subsampling: 8044 cells
Step 2: Feature subsampling...
  Peak: 20400 features (no specification)
  mRNA: 5553 features (no specification)
  lncRNA: 2242 features (no specification)
Step 3: Identifying valid cells...
No cells with zero counts found
[     8044 cells] | time: 10440.53s | RAM: 20.85GB
Saved: Tables/Time_bionSBM_cells.tsv
Starting with 1 modalities
2025-11-28 23:21:53,918 - INFO - Creating graph from multiple DataFrames
2025-11-28 23:21:53,943 - INFO - Building graph with 5000 docs and 1000 words
2025-11-28 23:21:54,357 - INFO - Saving graph to results/myself_graph.xml.gz
2025-11-28 23:21:54,816 - INFO - Fit number: 0
2025-11-28 23:23:54,571 - INFO - Saving data in results/myself
2025-11-28 23:23:54,572 - INFO - Saving self data to results/myself
2025-11-28 23:23:54,573 - INFO - Saving graph to results/myself_graph.xml.gz
2025-11-28 23:23:54,898 - INFO - Dumping self to results/myself_model.pkl
2025-11-28 23:24:16,091 - INFO - Annotate object
Original data: 8044 cells
Step 1: Subsampling to 5000 cells...
After cell subsampling: 5000 cells
Step 2: Feature subsampling...
  Peak: 1000 features (preserved raw layer)
Step 3: Identifying valid cells...
No cells with zero counts found
[        1 modalities] | time: 143.09s | RAM: 0.48GB
Saved: Tables/Time_bionSBM_modalities.tsv
Starting with 2 modalities
2025-11-28 23:24:37,020 - INFO - Creating graph from multiple DataFrames
2025-11-28 23:24:37,083 - INFO - Building graph with 5000 docs and 2000 words
2025-11-28 23:24:39,149 - INFO - Saving graph to results/myself_graph.xml.gz
2025-11-28 23:24:39,801 - INFO - Fit number: 0
2025-11-28 23:27:05,521 - INFO - Saving data in results/myself
2025-11-28 23:27:05,522 - INFO - Saving self data to results/myself
2025-11-28 23:27:05,523 - INFO - Saving graph to results/myself_graph.xml.gz
2025-11-28 23:27:06,455 - INFO - Dumping self to results/myself_model.pkl
2025-11-28 23:27:43,729 - INFO - Annotate object
Original data: 8044 cells
Step 1: Subsampling to 5000 cells...
After cell subsampling: 5000 cells
Step 2: Feature subsampling...
  Peak: 1000 features (preserved raw layer)
  mRNA: 1000 features (preserved raw layer)
Step 3: Identifying valid cells...
No cells with zero counts found
[        2 modalities] | time: 187.65s | RAM: 0.28GB
Saved: Tables/Time_bionSBM_modalities.tsv
Starting with 3 modalities
2025-11-28 23:28:08,089 - INFO - Creating graph from multiple DataFrames
2025-11-28 23:28:08,308 - INFO - Building graph with 4999 docs and 3000 words
2025-11-28 23:28:10,722 - INFO - Saving graph to results/myself_graph.xml.gz
2025-11-28 23:28:11,773 - INFO - Fit number: 0
2025-11-28 23:30:37,796 - INFO - Saving data in results/myself
2025-11-28 23:30:37,797 - INFO - Saving self data to results/myself
2025-11-28 23:30:37,798 - INFO - Saving graph to results/myself_graph.xml.gz
2025-11-28 23:30:38,607 - INFO - Dumping self to results/myself_model.pkl
2025-11-28 23:31:17,633 - INFO - Annotate object
Original data: 8044 cells
Step 1: Subsampling to 5000 cells...
After cell subsampling: 5000 cells
Step 2: Feature subsampling...
  Peak: 1000 features (preserved raw layer)
  mRNA: 1000 features (preserved raw layer)
  lncRNA: 1000 features (preserved raw layer)
Step 3: Identifying valid cells...
Removing 1 cells with zero counts
Final cell count: 4999
[        3 modalities] | time: 190.48s | RAM: 1.04GB
Saved: Tables/Time_bionSBM_modalities.tsv
Script .py completed
